// Jest Snapshot v1, https://goo.gl/fbAQLP

exports[`Render BreadCrumbs component 1`] = `
<nav
  className="breadcrumbs"
>
  <ul
    className="breadcrumbs__list"
  >
    <li
      className="breadcrumbs__item"
    >
      <a
        className="breadcrumbs__link"
        href="movie-page.html"
      >
        some title
      </a>
    </li>
    <li
      className="breadcrumbs__item"
    >
      <a
        className="breadcrumbs__link"
      >
        Add review
      </a>
    </li>
  </ul>
</nav>
`;
