// Jest Snapshot v1, https://goo.gl/fbAQLP

exports[`Render Component with video 1`] = `
<div>
  <video
    height="175"
    width="280"
  />
</div>
`;
