// Jest Snapshot v1, https://goo.gl/fbAQLP

exports[`Render PrivateRoute component 1`] = `null`;
