// Jest Snapshot v1, https://goo.gl/fbAQLP

exports[`Render VideoPlayer component 1`] = `
<video
  height="175"
  width="280"
/>
`;
