// Jest Snapshot v1, https://goo.gl/fbAQLP

exports[`Render Review component 1`] = `
<div
  className="review"
>
  <blockquote
    className="review__quote"
  >
    <p
      className="review__text"
    >
      The mannered, madcap proceedings are often delightful, occasionally silly, and here and there, gruesome and/or heartbreaking.
    </p>
    <footer
      className="review__details"
    >
      <cite
        className="review__author"
      >
        Kate Muir
      </cite>
      <time
        className="review__date"
        dateTime="2016-12-24"
      >
        Month dd, yyyy
      </time>
    </footer>
  </blockquote>
  <div
    className="review__rating"
  >
    8,9
  </div>
</div>
`;
