// Jest Snapshot v1, https://goo.gl/fbAQLP

exports[`Render component with active item 1`] = `
<div
  activeItem=""
/>
`;
